
There are no discarded input sections

Memory Configuration

Name             Origin             Length             Attributes
FLASH            0x08000000         0x00080000         xr
SRAM             0x20000000         0x00020000         xrw
*default*        0x00000000         0xffffffff

Linker script and memory map

LOAD object/kmath.o
LOAD object/kfloat.o
LOAD object/cm4.o
LOAD object/mcu_info.o
LOAD object/kstring.o
LOAD object/kmain.o
LOAD object/stm32_startup.o
LOAD object/sys_clock.o
LOAD object/sys_usart.o
LOAD object/sys_gpio.o
LOAD object/kstdio.o
LOAD object/sys_init.o
LOAD object/unistd.o
LOAD object/times.o
LOAD object/serial_lin.o
LOAD object/UsartRingBuffer.o
LOAD object/debug.o
LOAD object/timer.o
LOAD object/sys_err.o
LOAD object/sys_rtc.o
LOAD object/sys_update.o
LOAD object/flash.o
LOAD object/crc.o

.text           0x08000000     0x5534
                0x08000000                        _stext = .
 *(.isr_vector)
 .isr_vector    0x08000000      0x1c4 object/stm32_startup.o
                0x08000000                NVIC_VECTOR
 *(.text)
 .text          0x080001c4       0x4e object/kmath.o
                0x080001c4                __pow
 *fill*         0x08000212        0x2 
 .text          0x08000214      0xed4 object/kfloat.o
                0x08000214                __aeabi_f2d
                0x080002da                __aeabi_d2f
                0x08000362                __aeabi_d2iz
                0x080003f2                __aeabi_d2i
                0x08000482                get_decimal_part
                0x0800056c                __aeabi_ui2d
                0x080005ec                __aeabi_d2uiz
                0x08000662                __aeabi_dsub
                0x08000922                __aeabi_dmul
                0x08000ad4                __aeabi_dadd
                0x08000d82                __aeabi_d2ulz
                0x08000e00                __aeabi_ddiv
                0x080010a8                __aeabi_dcmpeq
 .text          0x080010e8      0x348 object/cm4.o
                0x08001154                __SysTick_init
                0x080011d8                SysTickIntDisable
                0x080011f8                SysTickIntEnable
                0x08001218                __SysTick_enable
                0x08001244                __sysTick_disable
                0x08001270                __getSysTickCount
                0x08001288                __updateSysTick
                0x080012e0                __getTime
                0x08001314                __get__Second
                0x0800132c                __get__Minute
                0x08001344                __get__Hour
                0x0800135c                SysTick_Handler
                0x08001390                __enable_fpu
                0x080013b4                ms_delay
                0x080013de                getmsTick
                0x080013ec                wait_until
                0x0800141e                SYS_SLEEP_WFI
 .text          0x08001430      0x1a8 object/mcu_info.o
                0x08001430                show_system_info
                0x080014dc                store_product_id
                0x080015c4                get_product_id
 .text          0x080015d8      0x914 object/kstring.o
                0x080015d8                __str_to_num
                0x080016ba                __reverse_str
                0x08001718                __strlen
                0x08001746                convert
                0x080017c4                convertu32
                0x0800181c                float2str
                0x080018e8                str2float
                0x080019ea                kmemset
                0x08001a36                StrCat
                0x08001a80                strcopy
                0x08001aba                clear_str
                0x08001af8                strncopy
                0x08001b4a                strn4mcopy
                0x08001b98                byte_to_hex
                0x08001c0c                show_byte_hex_str
                0x08001c4c                show_byte_stream_hex
                0x08001c8c                strcomp
                0x08001cdc                strncopy_cmd
                0x08001d2a                uint16_to_str
                0x08001e7c                strCat_n_to_m
 .text          0x08001eec      0x110 object/kmain.o
                0x08001f38                jump_to_os
                0x08001f5c                __set_user_mode
                0x08001f90                __move_to_user
                0x08001fb2                PSP_Init
                0x08001fd4                kmain
 .text          0x08001ffc      0x1a0 object/stm32_startup.o
                0x08001ffc                Reset_Handler
                0x080020b4                RTC_WKUP_Handler
                0x080020b4                FLASH_Handler
                0x080020b4                DMA2_Stream7_Handler
                0x080020b4                OTG_HS_Handler
                0x080020b4                DMA2_Stream3_Handler
                0x080020b4                USART3_Handler
                0x080020b4                PendSV_Handler
                0x080020b4                NMI_Handler
                0x080020b4                SAI1_Handler
                0x080020b4                TIM6_DAC_Handler
                0x080020b4                CAN1_RX1_Handler
                0x080020b4                EXTI15_10_Handler
                0x080020b4                ADC_Handler
                0x080020b4                I2C1_EV_Handler
                0x080020b4                TAMP_STAMP_Handler
                0x080020b4                I2C3_ER_Handler
                0x080020b4                WWDG_Handler
                0x080020b4                EXTI4_Handler
                0x080020b4                I2C3_EV_Handler
                0x080020b4                DMA1_Stream1_Handler
                0x080020b4                DMA2_Stream4_Handler
                0x080020b4                DMA1_Stream7_Handler
                0x080020b4                OTG_FS_Handler
                0x080020b4                TIM1_BRK_TIM9_Handler
                0x080020b4                I2C1_ER_Handler
                0x080020b4                DMA1_Stream3_Handler
                0x080020b4                UsageFault_Handler
                0x080020b4                TIM1_UP_TIM10_Handler
                0x080020b4                CAN1_RX0_Handler
                0x080020b4                TIM1_CC_Handler
                0x080020b4                I2C2_ER_Handler
                0x080020b4                TIM8_CC_Handler
                0x080020b4                HDMI_CEC_Handler
                0x080020b4                SAI2_Handler
                0x080020b4                CAN1_SCE_Handler
                0x080020b4                DMA1_Stream0_Handler
                0x080020b4                OTG_HS_EP1_OUT_Handler
                0x080020b4                EXTI1_Handler
                0x080020b4                FMC_Handler
                0x080020b4                EXTI3_Handler
                0x080020b4                EXTI2_Handler
                0x080020b4                UART4_Handler
                0x080020b4                CAN2_RX1_Handler
                0x080020b4                EXTI9_5_Handler
                0x080020b4                USART1_Handler
                0x080020b4                CAN2_SCE_Handler
                0x080020b4                TIM3_Handler
                0x080020b4                DMA2_Stream6_Handler
                0x080020b4                Default_Handler
                0x080020b4                DCMI_Handler
                0x080020b4                TIM1_TRG_COM_TIM11_Handler
                0x080020b4                RTC_Alarm_Handler
                0x080020b4                TIM4_Handler
                0x080020b4                TIM8_UP_TIM13_Handler
                0x080020b4                CAN2_TX_Handler
                0x080020b4                SPI2_Handler
                0x080020b4                DMA2_Stream1_Handler
                0x080020b4                DMA1_Stream2_Handler
                0x080020b4                EXTI0_Handler
                0x080020b4                TIM8_BRK_TIM12_Handler
                0x080020b4                CAN2_RX0_Handler
                0x080020b4                DMA2_Stream5_Handler
                0x080020b4                DMA1_Stream6_Handler
                0x080020b4                SDIO_Handler
                0x080020b4                FMPI2C1_ERR_Handler
                0x080020b4                SPI1_Handler
                0x080020b4                I2C2_EV_Handler
                0x080020b4                SPDIF_Rx_Handler
                0x080020b4                DMA2_Stream2_Handler
                0x080020b4                SPI3_Handler
                0x080020b4                DMA2_Stream0_Handler
                0x080020b4                RCC_Handler
                0x080020b4                PVD_Handler
                0x080020b4                UART5_Handler
                0x080020b4                DMA1_Stream5_Handler
                0x080020b4                TIM5_Handler
                0x080020b4                QuadSPI_Handler
                0x080020b4                TIM7_Handler
                0x080020b4                TIM8_TRG_COM_TIM14_Handler
                0x080020b4                CAN1_TX_Handler
                0x080020b4                FPU_Handler
                0x080020b4                FMPI2C1_Handler
                0x080020b4                DMA1_Stream4_Handler
                0x080020b4                DebugMonitor_Handler
                0x080020b4                OTG_HS_WKUP_Handler
                0x080020b4                OTG_FS_WKUP_Handler
                0x080020b4                SPI4_Handler
                0x080020b4                OTG_HS_EP1_IN_Handler
                0x080020c8                HardFault_Handler
                0x080020dc                MemManage_Handler
                0x080020f0                BusFault_Handler
                0x08002104                SVCall_Handler
                0x0800215c                SVC_HANDLER_c
 .text          0x0800219c      0x308 object/sys_clock.o
                0x0800219c                __init_sys_clock
                0x08002268                __APB1CLK_FREQ
                0x080022e4                __APB2CLK_FREQ
                0x08002360                __PLL_SYS_CLK
                0x080023f8                __AHB_CLK
 .text          0x080024a4      0x584 object/sys_usart.o
                0x08002554                UART_Init
                0x080025ee                UART_DeInit
                0x0800265c                UART_BRR_SAMPLING16
                0x080027f0                UART_MspInit
 .text          0x08002a28      0x5bc object/sys_gpio.o
                0x08002a28                GPIO_WritePin
                0x08002a5a                GPIO_Init
                0x08002d60                GPIO_DeInit
                0x08002f48                SPI_GPIOInit
 .text          0x08002fe4      0x35c object/kstdio.o
                0x08002fe4                kprintf
                0x08003178                putstr
                0x080031c4                kscanf
 .text          0x08003340      0x14c object/sys_init.o
                0x080033cc                __sys_init
                0x08003424                __sys_disable
                0x0800346c                SYS_ROUTINE
                0x08003478                display_status
 .text          0x0800348c        0x0 object/unistd.o
 .text          0x0800348c        0x0 object/times.o
 .text          0x0800348c      0x1b8 object/serial_lin.o
                0x0800348c                SerialLin2_init
                0x08003524                SerialLin6_init
                0x080035bc                USART2_Handler
                0x080035d0                USART6_Handler
                0x080035e4                noIntWrite
                0x08003614                noIntSendString
 .text          0x08003644      0xc38 object/UsartRingBuffer.o
                0x08003644                Ringbuf_init
                0x080036de                Look_for
                0x0800377e                GetDataFromBuffer
                0x080038be                Uart_flush
                0x080038fa                Uart_peek
                0x08003974                Uart_read
                0x08003a14                Uart_write
                0x08003acc                IsDataAvailable
                0x08003b50                Get_after
                0x08003bae                Uart_sendstring
                0x08003bdc                Uart_printbase
                0x08003c74                Copy_upto
                0x08003d74                Wait_for
                0x08003e60                look_for_frame
                0x08003fc6                Uart_isr
                0x080040d4                update_tail
                0x0800413a                debug_buffer
                0x080041c0                DisableUart
 .text          0x0800427c      0x110 object/debug.o
                0x0800427c                __debugRamUsage
                0x080042c8                __digitalWriteDebugButton
                0x08004324                __digitalReadDebugButton
                0x08004354                __alalogReadDebug
                0x0800436c                __analogWriteDebug
 .text          0x0800438c      0x2b8 object/timer.o
                0x0800440c                ConfigTimer2ForSystem
                0x08004488                Delay_micro_second
                0x0800451c                Delay
                0x0800454a                getMiliseconds
                0x0800458c                getMicroseconds
                0x080045bc                TIM2_Handler
                0x080045f8                DisableTimer2
 .text          0x08004644       0x14 object/sys_err.o
                0x08004644                Error_Handler
 .text          0x08004658      0x364 object/sys_rtc.o
                0x08004658                SYS_RTC_init
                0x08004900                get_timeofDay
 .text          0x080049bc      0x410 object/sys_update.o
                0x080049bc                reset_version
                0x080049dc                system_update
                0x080049f2                compare_strings
                0x08004a58                check_version
                0x08004ae0                char_array_to_int
                0x08004b42                fetch_update
 .text          0x08004dcc      0x374 object/flash.o
                0x08004dcc                flash_unlock
                0x08004dfc                flash_lock
                0x08004e1c                flash_erase
                0x08004ea4                flash_erase_check
                0x08004ede                flash_byte_write
                0x08004f58                flash_write
                0x080050cc                flash_byte_read
                0x080050e8                flash_read
 .text          0x08005140       0x80 object/crc.o
                0x08005140                CRC_Config
                0x08005168                CRC_Reset
                0x08005180                CRC_Calc
 *(.rodata)
 .rodata        0x080051c0       0x64 object/mcu_info.o
 .rodata        0x08005224        0x6 object/kstring.o
 *fill*         0x0800522a        0x2 
 .rodata        0x0800522c       0x10 object/kmain.o
 .rodata        0x0800523c       0xcb object/stm32_startup.o
                0x0800523c                STACK_START
 *fill*         0x08005307        0x1 
 .rodata        0x08005308       0x18 object/sys_clock.o
                0x08005308                AHBPrescTable
                0x08005318                APBPrescTable
 .rodata        0x08005320       0x1a object/sys_init.o
 *fill*         0x0800533a        0x2 
 .rodata        0x0800533c       0xd4 object/sys_update.o
 .rodata        0x08005410      0x122 object/flash.o
                0x08005534                        . = ALIGN (0x4)
 *fill*         0x08005532        0x2 
                0x08005534                        _etext = .
                0x08005534                        _la_data = LOADADDR (.data)

.glue_7         0x08005534        0x0
 .glue_7        0x08005534        0x0 linker stubs

.glue_7t        0x08005534        0x0
 .glue_7t       0x08005534        0x0 linker stubs

.vfp11_veneer   0x08005534        0x0
 .vfp11_veneer  0x08005534        0x0 linker stubs

.v4_bx          0x08005534        0x0
 .v4_bx         0x08005534        0x0 linker stubs

.iplt           0x08005534        0x0
 .iplt          0x08005534        0x0 object/kfloat.o

.rel.dyn        0x08005534        0x0
 .rel.iplt      0x08005534        0x0 object/kfloat.o

.data           0x20000000       0x6c load address 0x08005534
                0x20000000                        _sdata = .
 *(.data)
 .data          0x20000000        0x0 object/kmath.o
 .data          0x20000000        0x0 object/kfloat.o
 .data          0x20000000        0x0 object/cm4.o
 .data          0x20000000        0x0 object/mcu_info.o
 .data          0x20000000       0x61 object/kstring.o
 .data          0x20000061        0x0 object/kmain.o
 .data          0x20000061        0x0 object/stm32_startup.o
 .data          0x20000061        0x0 object/sys_clock.o
 .data          0x20000061        0x0 object/sys_usart.o
 .data          0x20000061        0x0 object/sys_gpio.o
 .data          0x20000061        0x0 object/kstdio.o
 .data          0x20000061        0x0 object/sys_init.o
 .data          0x20000061        0x0 object/unistd.o
 .data          0x20000061        0x0 object/times.o
 *fill*         0x20000061        0x3 
 .data          0x20000064        0x8 object/serial_lin.o
                0x20000064                errObj
 .data          0x2000006c        0x0 object/UsartRingBuffer.o
 .data          0x2000006c        0x0 object/debug.o
 .data          0x2000006c        0x0 object/timer.o
 .data          0x2000006c        0x0 object/sys_err.o
 .data          0x2000006c        0x0 object/sys_rtc.o
 .data          0x2000006c        0x0 object/sys_update.o
 .data          0x2000006c        0x0 object/flash.o
 .data          0x2000006c        0x0 object/crc.o
                0x2000006c                        . = ALIGN (0x4)
                0x2000006c                        _edata = .

.igot.plt       0x2000006c        0x0 load address 0x080055a0
 .igot.plt      0x2000006c        0x0 object/kfloat.o

.psp_stack      0x2000006c       0x80 load address 0x080055a0
 .psp_stack     0x2000006c       0x80 object/kmain.o
                0x2000006c                psp_stack

.bss            0x200000ec    0x18fad load address 0x08005620
                0x200000ec                        _sbss = .
 *(.bss)
 .bss           0x200000ec        0x0 object/kmath.o
 .bss           0x200000ec        0x0 object/kfloat.o
 .bss           0x200000ec       0x10 object/cm4.o
 .bss           0x200000fc       0x14 object/mcu_info.o
 .bss           0x20000110       0x32 object/kstring.o
 .bss           0x20000142        0x0 object/kmain.o
 *fill*         0x20000142        0x2 
 .bss           0x20000144        0xc object/stm32_startup.o
                0x20000144                _bss_size
                0x20000148                _data_size
                0x2000014c                _text_size
 .bss           0x20000150        0x0 object/sys_clock.o
 .bss           0x20000150        0x0 object/sys_usart.o
 .bss           0x20000150        0x0 object/sys_gpio.o
 .bss           0x20000150        0x0 object/kstdio.o
 .bss           0x20000150        0x0 object/sys_init.o
 .bss           0x20000150        0x0 object/unistd.o
 .bss           0x20000150        0x0 object/times.o
 .bss           0x20000150      0x890 object/serial_lin.o
                0x20000150                huart2
                0x20000598                huart6
 .bss           0x200009e0        0x0 object/UsartRingBuffer.o
 .bss           0x200009e0        0xc object/debug.o
                0x200009e4                CURRENT_MSP
                0x200009e8                DEBUG_BUTTON
                0x200009ea                DEBUG_ANALOG_IO
 .bss           0x200009ec        0x5 object/timer.o
 .bss           0x200009f1        0x0 object/sys_err.o
 .bss           0x200009f1        0x0 object/sys_rtc.o
 *fill*         0x200009f1        0x3 
 .bss           0x200009f4    0x186a5 object/sys_update.o
                0x200009f4                updated_os
 .bss           0x20019099        0x0 object/flash.o
 .bss           0x20019099        0x0 object/crc.o
                0x20019099                        _ebss = .
OUTPUT(build/final.elf elf32-littlearm)
LOAD linker stubs

.comment        0x00000000       0x26
 .comment       0x00000000       0x26 object/kmath.o
                                 0x27 (size before relaxing)
 .comment       0x00000026       0x27 object/kfloat.o
 .comment       0x00000026       0x27 object/cm4.o
 .comment       0x00000026       0x27 object/mcu_info.o
 .comment       0x00000026       0x27 object/kstring.o
 .comment       0x00000026       0x27 object/kmain.o
 .comment       0x00000026       0x27 object/stm32_startup.o
 .comment       0x00000026       0x27 object/sys_clock.o
 .comment       0x00000026       0x27 object/sys_usart.o
 .comment       0x00000026       0x27 object/sys_gpio.o
 .comment       0x00000026       0x27 object/kstdio.o
 .comment       0x00000026       0x27 object/sys_init.o
 .comment       0x00000026       0x27 object/unistd.o
 .comment       0x00000026       0x27 object/times.o
 .comment       0x00000026       0x27 object/serial_lin.o
 .comment       0x00000026       0x27 object/UsartRingBuffer.o
 .comment       0x00000026       0x27 object/debug.o
 .comment       0x00000026       0x27 object/timer.o
 .comment       0x00000026       0x27 object/sys_err.o
 .comment       0x00000026       0x27 object/sys_rtc.o
 .comment       0x00000026       0x27 object/sys_update.o
 .comment       0x00000026       0x27 object/flash.o
 .comment       0x00000026       0x27 object/crc.o

.ARM.attributes
                0x00000000       0x32
 .ARM.attributes
                0x00000000       0x32 object/kmath.o
 .ARM.attributes
                0x00000032       0x32 object/kfloat.o
 .ARM.attributes
                0x00000064       0x32 object/cm4.o
 .ARM.attributes
                0x00000096       0x32 object/mcu_info.o
 .ARM.attributes
                0x000000c8       0x32 object/kstring.o
 .ARM.attributes
                0x000000fa       0x32 object/kmain.o
 .ARM.attributes
                0x0000012c       0x32 object/stm32_startup.o
 .ARM.attributes
                0x0000015e       0x32 object/sys_clock.o
 .ARM.attributes
                0x00000190       0x32 object/sys_usart.o
 .ARM.attributes
                0x000001c2       0x32 object/sys_gpio.o
 .ARM.attributes
                0x000001f4       0x32 object/kstdio.o
 .ARM.attributes
                0x00000226       0x32 object/sys_init.o
 .ARM.attributes
                0x00000258       0x32 object/unistd.o
 .ARM.attributes
                0x0000028a       0x32 object/times.o
 .ARM.attributes
                0x000002bc       0x32 object/serial_lin.o
 .ARM.attributes
                0x000002ee       0x32 object/UsartRingBuffer.o
 .ARM.attributes
                0x00000320       0x32 object/debug.o
 .ARM.attributes
                0x00000352       0x32 object/timer.o
 .ARM.attributes
                0x00000384       0x32 object/sys_err.o
 .ARM.attributes
                0x000003b6       0x32 object/sys_rtc.o
 .ARM.attributes
                0x000003e8       0x32 object/sys_update.o
 .ARM.attributes
                0x0000041a       0x32 object/flash.o
 .ARM.attributes
                0x0000044c       0x32 object/crc.o
